=== GATE M13 (commit 897f269d, 2026-09-02) ===


##[T13.1]
$ test -f /Users/nathananderson-tennant/Development/restitch/studio/package.json

exit_code=0
PASS T13.1 studio/package.json exists

##[M13.gate]
$ bash -c cd '/Users/nathananderson-tennant/Development/restitch/studio' && npm ci

added 507 packages, and audited 508 packages in 9s

142 packages are looking for funding
  run `npm fund` for details

12 vulnerabilities (2 moderate, 10 high)

To address all issues, run:
  npm audit fix

Run `npm audit` for details.
npm warn install-scripts 1 package has install scripts not yet covered by allowScripts:
npm warn install-scripts   fsevents@2.3.3 (install: (install scripts present))
npm warn install-scripts
npm warn install-scripts Run `npm install-scripts ls` to review, or `npm install-scripts approve <pkg>` to allow.
exit_code=0
PASS M13.gate npm ci
$ bash -c cd '/Users/nathananderson-tennant/Development/restitch/studio' && npm run test

> studio@0.0.0 test
> vitest run


 RUN  v4.1.10 /Users/nathananderson-tennant/Development/restitch/studio


 Test Files  9 passed (9)
      Tests  28 passed (28)
   Start at  17:18:22
   Duration  1.88s (transform 655ms, setup 0ms, import 3.25s, tests 685ms, environment 6.44s)
exit_code=0
PASS M13.gate npm test
$ bash -c cd '/Users/nathananderson-tennant/Development/restitch/studio' && npm run build

> studio@0.0.0 build
> tsc -b && vite build

vite v8.1.3 building client environment for production...
[2Ktransforming...✓ 2516 modules transformed.
rendering chunks...
computing gzip size...
../cmd/restitch-studio/dist/index.html                                                0.99 kB │ gzip:   0.56 kB
../cmd/restitch-studio/dist/assets/geist-cyrillic-ext-wght-normal-DjL33-gN.woff2      7.42 kB
../cmd/restitch-studio/dist/assets/geist-vietnamese-wght-normal-6IgcOCM7.woff2        8.00 kB
../cmd/restitch-studio/dist/assets/geist-cyrillic-wght-normal-BEAKL7Jp.woff2         15.08 kB
../cmd/restitch-studio/dist/assets/geist-latin-ext-wght-normal-DC-KSUi6.woff2        16.51 kB
../cmd/restitch-studio/dist/assets/geist-latin-wght-normal-BgDaEnEv.woff2            29.40 kB
../cmd/restitch-studio/dist/assets/index-CobB6nKD.css                                84.55 kB │ gzip:  14.64 kB
../cmd/restitch-studio/dist/assets/index-CfZdf6c0.js                              1,369.72 kB │ gzip: 419.50 kB

✓ built in 395ms
[plugin builtin:vite-reporter] 
(!) Some chunks are larger than 500 kB after minification. Consider:
- Using dynamic import() to code-split the application
- Use build.rolldownOptions.output.codeSplitting to improve chunking: https://rolldown.rs/reference/OutputOptions.codeSplitting
- Adjust chunk size limit for this warning via build.chunkSizeWarningLimit.
exit_code=0
PASS M13.gate npm build
$ make -C /Users/nathananderson-tennant/Development/restitch build-all
go build -ldflags "-X main.version=v1.0-39-g897f269d" -o bin/restitch ./cmd/restitch
go build -ldflags "-X main.version=v1.0-39-g897f269d" -o bin/restitch-studio ./cmd/restitch-studio
exit_code=0
PASS M13.gate make build-all
MANUAL M13 browser: dashboard tiles populate with data
MANUAL M13 browser: composition DAG shows correct waves
MANUAL M13 browser: request waterfall shows failed/skipped steps
MANUAL M13 browser: Config page validates YAML
MANUAL M13 browser: Builder generates valid YAML round-trip

RESULT M13: PASS (5 pass, 0 fail, 5 manual, 0 skip)
