=== GATE M12 (commit bba6fae7, 2026-07-13) ===


##[T12.1]
$ go test -count=1 ./cmd/restitch-studio/
ok  	github.com/restitch/restitch-gateway/cmd/restitch-studio	0.243s
exit_code=0
PASS T12.1 studio server tests
$ go build -o /var/folders/hq/1xh9g9g51wldy0s3mtsyvhhm0000gn/T/tmp.PI1Ljok2rS/restitch-studio ./cmd/restitch-studio

exit_code=0
PASS T12.1 studio binary builds

##[M12.gate]
# Building binaries...
go build -ldflags "-X main.version=v1.0-67-gbba6fae7" -o bin/restitch ./cmd/restitch
# Starting mockupstream on port 51167...
# Starting gateway on port 51165 (admin 51166)...
# Starting studio on port 51168...
--- studio log ---
flag provided but not defined: -admin
Usage of /Users/nathananderson-tennant/Development/restitch/bin/restitch-studio:
  -admin-key string
    	admin API key (X-Admin-Key header)
  -gateway-admin-url string
    	gateway admin API URL (default "http://localhost:9090")
  -port int
    	studio server port (default 3080)
FAIL studio failed to start on port 51168 within 10s

RESULT M12: FAIL (2 pass, 1 fail, 0 manual, 0 skip)
