=== GATE M11 (commit bba6fae7, 2026-07-13) ===


##[T11.1]
# Building binaries...
go build -ldflags "-X main.version=v1.0-67-gbba6fae7" -o bin/restitch ./cmd/restitch
$ /Users/nathananderson-tennant/Development/restitch/bin/restitch version
restitch v1.0-67-gbba6fae7 (go1.26.2)
exit_code=0
PASS T11.1 version prints
$ bin/restitch nonsense → exit 0
unknown command: nonsense
usage: restitch [run|check|version|import] [flags]

##[T11.2]
$ /Users/nathananderson-tennant/Development/restitch/bin/restitch check -config /Users/nathananderson-tennant/Development/restitch/restitch.yaml
  user-with-posts: 3 steps, 2 waves [user] → [quotes posts]
Syntax OK
exit_code=0
PASS T11.2 check restitch.yaml

##[T11.3]
$ /Users/nathananderson-tennant/Development/restitch/bin/restitch import openapi /Users/nathananderson-tennant/Development/restitch/cmd/restitch/testdata/petstore.yaml --upstream pets -o /var/folders/hq/1xh9g9g51wldy0s3mtsyvhhm0000gn/T/tmp.oNzuxcLKtu/pets.yaml
scaffold written to /var/folders/hq/1xh9g9g51wldy0s3mtsyvhhm0000gn/T/tmp.oNzuxcLKtu/pets.yaml — review auth, timeouts, and response shaping
exit_code=0
PASS T11.3 import openapi generates YAML
$ /Users/nathananderson-tennant/Development/restitch/bin/restitch check -config /var/folders/hq/1xh9g9g51wldy0s3mtsyvhhm0000gn/T/tmp.oNzuxcLKtu/pets.yaml
  create-pet: 1 steps, 1 waves [main]
  get-pet: 1 steps, 1 waves [main]
  list-pets: 1 steps, 1 waves [main]
Syntax OK
exit_code=0
PASS T11.3 generated YAML passes check

##[M11.gate]
$ go test -count=1 ./cmd/...
?   	github.com/restitch/restitch-gateway/cmd/mockupstream	[no test files]
ok  	github.com/restitch/restitch-gateway/cmd/restitch	0.336s
ok  	github.com/restitch/restitch-gateway/cmd/restitch-studio	0.527s
exit_code=0
PASS M11.gate cmd tests

RESULT M11: PASS (5 pass, 0 fail, 0 manual, 0 skip)
