=== GATE M12 (commit 897f269d, 2026-09-02) ===


##[T12.1]
$ go test -count=1 ./cmd/restitch-studio/
ok  	github.com/alternayte/restitch-gateway/cmd/restitch-studio	0.493s
exit_code=0
PASS T12.1 studio server tests
$ go build -o /var/folders/hq/1xh9g9g51wldy0s3mtsyvhhm0000gn/T/tmp.3kRygRHSaL/restitch-studio ./cmd/restitch-studio

exit_code=0
PASS T12.1 studio binary builds

##[M12.gate]
# Building binaries...
go build -ldflags "-X main.version=v1.0-39-g897f269d" -o bin/restitch ./cmd/restitch
# Starting mockupstream on port 53577...
# Starting gateway on port 53575 (admin 53576)...
# Starting studio on port 53578...
$ curl -s -w '%{http_code}' http://127.0.0.1:53578/api/info
status=200
body={"compositions":1,"config_hash":"3a054c4ed74987615e61dbbd0a2a3886edd4919c9a8706c253b01b48c561139a","config_path":"/var/folders/hq/1xh9g9g51wldy0s3mtsyvhhm0000gn/T/tmp.3kRygRHSaL/m12.yaml","upstreams":1,"uptime_seconds":0.53826125,"version":"v1.0-39-g897f269d"}
PASS M12.gate studio proxies /api/info
$ curl studio /
<!doctype html>
<html lang="en">
  <head>
    <meta charset="UTF-8" />
    <link rel="icon" type="image/svg+xml" href="/favicon.svg" />
PASS M12.gate studio serves HTML at root

RESULT M12: PASS (4 pass, 0 fail, 0 manual, 0 skip)
