=== GATE M14 (commit 89890785, 2026-07-14) ===


##[T14.1]
$ test -f /Users/nathananderson-tennant/Development/restitch/tests/binary_test.go

exit_code=0
PASS T14.1 tests/binary_test.go exists
$ test -d /Users/nathananderson-tennant/Development/restitch/tests/specs

exit_code=0
PASS T14.1 golden specs exist

##[T14.2]
$ grep -q e2e /Users/nathananderson-tennant/Development/restitch/.github/workflows/ci.yml

exit_code=0
PASS T14.2 e2e CI job in ci.yml

##[T14.3]
$ bash -c test -n "$(find '/Users/nathananderson-tennant/Development/restitch/internal' -name '*_test.go' | head -1)"

exit_code=0
PASS T14.3 tests exist for key packages

##[M14.gate]
$ go test -count=1 -race ./...
?   	github.com/restitch/restitch-gateway/cmd/mockupstream	[no test files]
ok  	github.com/restitch/restitch-gateway/cmd/restitch	2.291s
ok  	github.com/restitch/restitch-gateway/cmd/restitch-studio	1.759s
ok  	github.com/restitch/restitch-gateway/internal/admin	1.481s
ok  	github.com/restitch/restitch-gateway/internal/auth	5.637s
ok  	github.com/restitch/restitch-gateway/internal/composition	2.818s
ok  	github.com/restitch/restitch-gateway/internal/gwconfig	3.002s
ok  	github.com/restitch/restitch-gateway/internal/inbound	3.410s
?   	github.com/restitch/restitch-gateway/internal/mockupstream	[no test files]
ok  	github.com/restitch/restitch-gateway/internal/observability	3.697s
ok  	github.com/restitch/restitch-gateway/internal/ratelimit	2.939s
ok  	github.com/restitch/restitch-gateway/internal/reqlog	2.950s
ok  	github.com/restitch/restitch-gateway/internal/server	2.734s
ok  	github.com/restitch/restitch-gateway/internal/testenv	2.911s
ok  	github.com/restitch/restitch-gateway/internal/upstream	2.580s
exit_code=0
PASS M14.gate full tests (race)
$ make -C /Users/nathananderson-tennant/Development/restitch e2e
go test -tags e2e ./tests/ -count=1 -v
=== RUN   TestSpecs
2026/07/14 10:04:13 INFO registered composition route composition=timeout method=GET path=/timeout public=false
2026/07/14 10:04:13 INFO registered composition route composition=echo method=GET path=/echo public=false
2026/07/14 10:04:13 INFO registered composition route composition=user method=GET path=/api/users/{id} public=false
2026/07/14 10:04:13 INFO registered composition route composition=partial method=GET path=/partial public=false
=== RUN   TestSpecs/happy_path_-_user_lookup
2026/07/14 10:04:13 INFO executing composition composition=user method=GET path=/api/users/42
2026/07/14 10:04:13 INFO executing composition composition=user waves=1 total_steps=1 execution_order=[[user]]
2026/07/14 10:04:13 INFO step starting composition=user step=user wave=1 upstream=http://127.0.0.1:59521 optional=false
2026/07/14 10:04:13 INFO step complete composition=user step=user wave=1 status=200 duration_ms=0.441
2026/07/14 10:04:13 INFO composition complete composition=user status=200 partial=false errors=0 step_timings=map[user:0.441] total_steps=1 slowest_step="map[duration_ms:0.441 name:user]" gateway_overhead_ms=0.09458299999999997
=== RUN   TestSpecs/method_not_allowed_-_POST_to_GET-only_route
=== RUN   TestSpecs/not_found_-_unknown_route
=== RUN   TestSpecs/partial_response_-_optional_step_failure
2026/07/14 10:04:13 INFO executing composition composition=partial method=GET path=/partial
2026/07/14 10:04:13 INFO executing composition composition=partial waves=1 total_steps=2 execution_order="[[main failing]]"
2026/07/14 10:04:13 INFO step starting composition=partial step=main wave=1 upstream=http://127.0.0.1:59521 optional=false
2026/07/14 10:04:13 INFO step starting composition=partial step=failing wave=1 upstream=http://127.0.0.1:1 optional=true
2026/07/14 10:04:13 INFO step complete composition=partial step=main wave=1 status=200 duration_ms=0.163
2026/07/14 10:04:13 WARN step failed composition=partial step=failing wave=1 optional=true duration_ms=0.188 error="request failed: Get \"http://127.0.0.1:1/unreachable\": dial tcp 127.0.0.1:1: connect: connection refused"
2026/07/14 10:04:13 INFO composition complete composition=partial status=200 partial=true errors=1 step_timings="map[failing:0.188 main:0.163]" total_steps=2 slowest_step="map[duration_ms:0.188 name:failing]" gateway_overhead_ms=0.097333
=== RUN   TestSpecs/path_parameters_-_id_passed_through_to_upstream
2026/07/14 10:04:13 INFO executing composition composition=user method=GET path=/api/users/99
2026/07/14 10:04:13 INFO executing composition composition=user waves=1 total_steps=1 execution_order=[[user]]
2026/07/14 10:04:13 INFO step starting composition=user step=user wave=1 upstream=http://127.0.0.1:59521 optional=false
2026/07/14 10:04:13 INFO step complete composition=user step=user wave=1 status=200 duration_ms=0.113
2026/07/14 10:04:13 INFO composition complete composition=user status=200 partial=false errors=0 step_timings=map[user:0.113] total_steps=1 slowest_step="map[duration_ms:0.113 name:user]" gateway_overhead_ms=0.008541999999999994
=== RUN   TestSpecs/timeout_-_required_step_timeout_returns_504
2026/07/14 10:04:13 INFO executing composition composition=timeout method=GET path=/timeout
2026/07/14 10:04:13 INFO executing composition composition=timeout waves=1 total_steps=1 execution_order=[[slow]]
2026/07/14 10:04:13 INFO step starting composition=timeout step=slow wave=1 upstream=http://127.0.0.1:59521 optional=false
2026/07/14 10:04:13 WARN step failed composition=timeout step=slow wave=1 optional=false duration_ms=51.204 error="timeout after 50ms: Get \"http://127.0.0.1:59521/slow?ms=5000\": context deadline exceeded"
2026/07/14 10:04:13 ERROR required step failed in wave wave=0 step=slow error="timeout after 50ms: Get \"http://127.0.0.1:59521/slow?ms=5000\": context deadline exceeded"
2026/07/14 10:04:13 ERROR composition execution failed composition=timeout error="required step \"slow\" failed: timeout after 50ms: Get \"http://127.0.0.1:59521/slow?ms=5000\": context deadline exceeded"
--- PASS: TestSpecs (5.01s)
    --- PASS: TestSpecs/happy_path_-_user_lookup (0.00s)
    --- PASS: TestSpecs/method_not_allowed_-_POST_to_GET-only_route (0.00s)
    --- PASS: TestSpecs/not_found_-_unknown_route (0.00s)
    --- PASS: TestSpecs/partial_response_-_optional_step_failure (0.00s)
    --- PASS: TestSpecs/path_parameters_-_id_passed_through_to_upstream (0.00s)
    --- PASS: TestSpecs/timeout_-_required_step_timeout_returns_504 (0.05s)
=== RUN   TestExampleConfigs
=== RUN   TestExampleConfigs/examples/auth/restitch.yaml
=== RUN   TestExampleConfigs/examples/docker-compose/restitch.yaml
=== RUN   TestExampleConfigs/examples/quickstart/restitch.yaml
=== RUN   TestExampleConfigs/examples/resilience/restitch.yaml
--- PASS: TestExampleConfigs (0.00s)
    --- PASS: TestExampleConfigs/examples/auth/restitch.yaml (0.00s)
    --- PASS: TestExampleConfigs/examples/docker-compose/restitch.yaml (0.00s)
    --- PASS: TestExampleConfigs/examples/quickstart/restitch.yaml (0.00s)
    --- PASS: TestExampleConfigs/examples/resilience/restitch.yaml (0.00s)
=== RUN   TestReadmeYAMLBlocks
=== RUN   TestReadmeYAMLBlocks/block_0
--- PASS: TestReadmeYAMLBlocks (0.00s)
    --- PASS: TestReadmeYAMLBlocks/block_0 (0.00s)
PASS
ok  	github.com/restitch/restitch-gateway/tests	5.468s
exit_code=0
PASS M14.gate make e2e
$ go test -coverprofile
ok  	github.com/restitch/restitch-gateway/internal/ratelimit	(cached)	coverage: 93.3% of statements
ok  	github.com/restitch/restitch-gateway/internal/reqlog	(cached)	coverage: [no statements]
ok  	github.com/restitch/restitch-gateway/internal/server	(cached)	coverage: 53.5% of statements
ok  	github.com/restitch/restitch-gateway/internal/testenv	(cached)	coverage: 86.7% of statements
ok  	github.com/restitch/restitch-gateway/internal/upstream	(cached)	coverage: 72.7% of statements
Total coverage: 72.8%
PASS M14.gate coverage >= 70% (72.8%)
PASS M14.gate CI green on GitHub

RESULT M14: PASS (8 pass, 0 fail, 0 manual, 0 skip)
