=== GATE M13 (commit 10919fd8, 2026-09-02) ===


##[T13.1]
$ test -f /Users/nathananderson-tennant/Development/restitch/studio/package.json

exit_code=0
PASS T13.1 studio/package.json exists

##[M13.gate]
$ bash -c cd '/Users/nathananderson-tennant/Development/restitch/studio' && npm ci

added 508 packages, and audited 509 packages in 8s

142 packages are looking for funding
  run `npm fund` for details

12 vulnerabilities (2 moderate, 10 high)

To address all issues, run:
  npm audit fix

Run `npm audit` for details.
npm warn install-scripts 1 package has install scripts not yet covered by allowScripts:
npm warn install-scripts   fsevents@2.3.3 (install: (install scripts present))
npm warn install-scripts
npm warn install-scripts Run `npm install-scripts ls` to review, or `npm install-scripts approve <pkg>` to allow.
exit_code=0
PASS M13.gate npm ci
$ bash -c cd '/Users/nathananderson-tennant/Development/restitch/studio' && npm run test

> studio@0.0.0 test
> vitest run


 RUN  v4.1.10 /Users/nathananderson-tennant/Development/restitch/studio


 Test Files  9 passed (9)
      Tests  28 passed (28)
   Start at  16:35:22
   Duration  1.95s (transform 545ms, setup 0ms, import 3.15s, tests 675ms, environment 6.74s)
exit_code=0
PASS M13.gate npm test
$ bash -c cd '/Users/nathananderson-tennant/Development/restitch/studio' && npm run build

> studio@0.0.0 build
> tsc -b && vite build

vite v8.1.3 building client environment for production...
[2Ktransforming...✓ 2515 modules transformed.
rendering chunks...
computing gzip size...
../cmd/restitch-studio/dist/index.html                     0.75 kB │ gzip:   0.41 kB
../cmd/restitch-studio/dist/assets/index-CBW0rT8g.css     83.05 kB │ gzip:  14.17 kB
../cmd/restitch-studio/dist/assets/index-Dqd_edZs.js   1,369.38 kB │ gzip: 419.38 kB

✓ built in 456ms
[plugin builtin:vite-reporter] 
(!) Some chunks are larger than 500 kB after minification. Consider:
- Using dynamic import() to code-split the application
- Use build.rolldownOptions.output.codeSplitting to improve chunking: https://rolldown.rs/reference/OutputOptions.codeSplitting
- Adjust chunk size limit for this warning via build.chunkSizeWarningLimit.
exit_code=0
PASS M13.gate npm build
$ make -C /Users/nathananderson-tennant/Development/restitch build-all
go build -ldflags "-X main.version=v1.0-33-g10919fd8" -o bin/restitch ./cmd/restitch
go build -ldflags "-X main.version=v1.0-33-g10919fd8" -o bin/restitch-studio ./cmd/restitch-studio
exit_code=0
PASS M13.gate make build-all
MANUAL M13 browser: dashboard tiles populate with data
MANUAL M13 browser: composition DAG shows correct waves
MANUAL M13 browser: request waterfall shows failed/skipped steps
MANUAL M13 browser: Config page validates YAML
MANUAL M13 browser: Builder generates valid YAML round-trip

RESULT M13: PASS (5 pass, 0 fail, 5 manual, 0 skip)
