=== GATE M7 (commit 10919fd8, 2026-09-02) ===


##[T7.1]
$ test -f /Users/nathananderson-tennant/Development/restitch/internal/upstream/cache.go

exit_code=0
PASS T7.1 cache.go exists
$ go test -count=1 ./internal/upstream/ ./internal/gwconfig/
ok  	github.com/alternayte/restitch-gateway/internal/upstream	0.360s
ok  	github.com/alternayte/restitch-gateway/internal/gwconfig	0.608s
exit_code=0
PASS T7.1 upstream + gwconfig tests

##[M7.gate]
# Building binaries...
go build -ldflags "-X main.version=v1.0-33-g10919fd8" -o bin/restitch ./cmd/restitch
# Starting mockupstream on port 58086...
# Starting gateway on port 58084 (admin 58085)...
$ curl -s http://127.0.0.1:58085/metrics | grep restitch_cache_hits_total
value=1
expected: >= 1
PASS M7.gate cache hit metric >= 1
$ curl -s http://127.0.0.1:58085/metrics | grep restitch_cache_misses_total
value=1
expected: >= 1
PASS M7.gate cache miss metric >= 1 (first request)

RESULT M7: PASS (4 pass, 0 fail, 0 manual, 0 skip)
