=== GATE M2 (commit e766fadb, 2026-09-02) ===


##[T2.1]
$ go test -count=1 -race ./internal/composition/ -run TestTemplate
# github.com/restitch/restitch-gateway/internal/composition
internal/composition/tmp_todo_check.go:1:75: expected 'package', found 'EOF'
FAIL	github.com/restitch/restitch-gateway/internal/composition [setup failed]
FAIL
exit_code=1
FAIL T2.1 template tests

##[T2.2]
$ go test -count=1 ./internal/composition/ -run TestBuildRequestEnv
# github.com/restitch/restitch-gateway/internal/composition
internal/composition/tmp_todo_check.go:1:75: expected 'package', found 'EOF'
FAIL	github.com/restitch/restitch-gateway/internal/composition [setup failed]
FAIL
exit_code=1
FAIL T2.2 request env alias test

##[T2.3]
$ grep runtime expr.Compile outside template.go
  (no matches)
PASS T2.3 no runtime expr.Compile outside template.go

##[T2.4]
$ grep -q LimitReader /Users/nathananderson-tennant/Development/restitch/internal/composition/step.go

exit_code=0
PASS T2.4 LimitReader in step execution

##[M2.gate]
$ go test -count=1 -race ./internal/composition/
# github.com/restitch/restitch-gateway/internal/composition
internal/composition/tmp_todo_check.go:1:75: expected 'package', found 'EOF'
FAIL	github.com/restitch/restitch-gateway/internal/composition [setup failed]
FAIL
exit_code=1
FAIL M2.gate composition package tests (race)
$ grep TODO internal/composition/
/Users/nathananderson-tennant/Development/restitch/internal/composition/tmp_todo_check.go:1:// TODO(hardening-negative-check): temporary marker for gate verification
FAIL M2.gate TODOs present in composition package: /Users/nathananderson-tennant/Development/restitch/internal/composition/tmp_todo_check.go:1:// TODO(hardening-negative-check): temporary marker for gate verification
# Building binaries...
go build -ldflags "-X main.version=v1.0-13-ge766fadb" -o bin/restitch ./cmd/restitch
internal/composition/tmp_todo_check.go:1:75: expected 'package', found 'EOF'
make: *** [build] Error 1
