=== GATE M21 (commit 897f269d, 2026-09-02) ===


##[T21.1]
$ test -f internal/hotreload/client.go

exit_code=0
PASS client.go exists
$ test -f internal/hotreload/client_test.go

exit_code=0
PASS client_test.go exists
$ grep -q type FetchResult struct internal/hotreload/client.go

exit_code=0
PASS FetchResult type defined

##[T21.2]
$ test -f internal/hotreload/poller.go

exit_code=0
PASS poller.go exists
$ grep -q backoff internal/hotreload/poller.go

exit_code=0
PASS backoff implemented in poller
$ grep -q type PollStatus struct internal/hotreload/poller.go

exit_code=0
PASS PollStatus type defined
$ grep -q func.*Poller.*Trigger internal/hotreload/poller.go

exit_code=0
PASS Trigger method exists

##[T21.3]
$ grep -q registry-url cmd/restitch/run.go

exit_code=0
PASS registry-url flag in run.go
$ grep -q poll-interval cmd/restitch/run.go

exit_code=0
PASS poll-interval flag in run.go
$ grep -q registry-key cmd/restitch/run.go

exit_code=0
PASS registry-key flag in run.go
$ grep -q RESTITCH_REGISTRY_URL cmd/restitch/run.go

exit_code=0
PASS RESTITCH_REGISTRY_URL env

##[T21.4]
$ grep -q RegistryStatus internal/admin/server.go

exit_code=0
PASS RegistryStatus in admin Deps
$ grep -q registry/status internal/admin/server.go

exit_code=0
PASS registry/status endpoint

##[T21.5]
$ grep -q triggerCh internal/hotreload/poller.go

exit_code=0
PASS triggerCh in poller

##[M21.unit]
$ go vet ./internal/hotreload/...

exit_code=0
PASS go vet hotreload
$ go test -race -count=1 ./internal/hotreload/...
ok  	github.com/alternayte/restitch-gateway/internal/hotreload	4.993s
exit_code=0
PASS go test hotreload
$ go test -race -count=1 ./internal/admin/...
ok  	github.com/alternayte/restitch-gateway/internal/admin	1.393s
exit_code=0
PASS go test admin
$ go test -race -count=1 ./...
?   	github.com/alternayte/restitch-gateway/cmd/mockupstream	[no test files]
ok  	github.com/alternayte/restitch-gateway/cmd/restitch	1.639s
ok  	github.com/alternayte/restitch-gateway/cmd/restitch-studio	4.303s
ok  	github.com/alternayte/restitch-gateway/internal/admin	2.340s
ok  	github.com/alternayte/restitch-gateway/internal/auth	5.538s
ok  	github.com/alternayte/restitch-gateway/internal/composition	3.117s
ok  	github.com/alternayte/restitch-gateway/internal/devmode	5.078s
ok  	github.com/alternayte/restitch-gateway/internal/gwconfig	3.196s
ok  	github.com/alternayte/restitch-gateway/internal/hotreload	7.050s
ok  	github.com/alternayte/restitch-gateway/internal/inbound	2.590s
?   	github.com/alternayte/restitch-gateway/internal/mockupstream	[no test files]
ok  	github.com/alternayte/restitch-gateway/internal/observability	2.136s
ok  	github.com/alternayte/restitch-gateway/internal/ratelimit	1.605s
ok  	github.com/alternayte/restitch-gateway/internal/registry	1.702s
ok  	github.com/alternayte/restitch-gateway/internal/reqlog	1.206s
ok  	github.com/alternayte/restitch-gateway/internal/server	1.336s
ok  	github.com/alternayte/restitch-gateway/internal/session	1.761s
ok  	github.com/alternayte/restitch-gateway/internal/testenv	2.243s
ok  	github.com/alternayte/restitch-gateway/internal/upstream	1.501s
exit_code=0
PASS go test full suite

##[M21.gate]
# Building binaries...
go build -ldflags "-X main.version=v1.0-39-g897f269d" -o bin/restitch ./cmd/restitch
# Starting mockupstream on port 54196...
# Starting studio on port 54197...
config create response: {"id":"01M1HB9KE5G6MTR1HVKV5NZP8G","name":"regtest","description":"","tags":[],"active_version_id":1,"active_version":1,"created_at":"2026-09-02T15:20:11Z","updated_at":"2026-09-02T15:20:11Z","yaml_content":"upstreams:\n  mock:\n    url: \"http://localhost:54196\"\ncompositions:\n  regtest:\n    path: \"/regtest\"\n    steps:\n      - name: e\n        upstream: mock\n        path: \"/echo\"\n    response:\n      body:\n        result: \"{{ steps.e.body }}\"\n\n","version_number":1}
$ test -n {"id":"01M1HB9KE5G6MTR1HVKV5NZP8G","name":"regtest","description":"","tags":[],"active_version_id":1,"active_version":1,"created_at":"2026-09-02T15:20:11Z","updated_at":"2026-09-02T15:20:11Z","yaml_content":"upstreams:\n  mock:\n    url: \"http://localhost:54196\"\ncompositions:\n  regtest:\n    path: \"/regtest\"\n    steps:\n      - name: e\n        upstream: mock\n        path: \"/echo\"\n    response:\n      body:\n        result: \"{{ steps.e.body }}\"\n\n","version_number":1}

exit_code=0
PASS config created in registry
$ curl -s -w '%{http_code}' http://localhost:54194/regtest
status=200
body={"result":{"body":"","headers":{"Accept":"*/*","Accept-Encoding":"gzip","User-Agent":"Go-http-client/1.1","X-Request-Id":"a5056fd8-5ebd-4995-ad09-5b18739cad8f"},"method":"GET","path":"/echo","query":{}}}
PASS gateway serves registry composition
PASS registry status endpoint returns 200
registry status: {"composition_count":1,"consecutive_errors":0,"error":null,"error_type":null,"etag":"9e53835bd4094111","last_poll":"2026-09-02T17:20:11.897206+02:00","last_success":"2026-09-02T17:20:11.897206+02:00","mode":"registry","poll_interval_seconds":2,"registry_url":"http://localhost:54197"}
$ python3 -c import json,sys; d=json.loads(sys.argv[1]); assert d['mode']=='registry', f'mode={d["mode"]}' {"composition_count":1,"consecutive_errors":0,"error":null,"error_type":null,"etag":"9e53835bd4094111","last_poll":"2026-09-02T17:20:11.897206+02:00","last_success":"2026-09-02T17:20:11.897206+02:00","mode":"registry","poll_interval_seconds":2,"registry_url":"http://localhost:54197"}

exit_code=0
PASS status shows registry mode
$ grep -q registry poll triggered /var/folders/hq/1xh9g9g51wldy0s3mtsyvhhm0000gn/T/tmp.MExL9V4GA4/gw_reg.log

exit_code=0
PASS SIGHUP logged

RESULT M21: PASS (23 pass, 0 fail, 0 manual, 0 skip)
