=== GATE M13 (commit bba6fae7, 2026-07-13) ===


##[T13.1]
$ test -f /Users/nathananderson-tennant/Development/restitch/studio/package.json

exit_code=0
PASS T13.1 studio/package.json exists

##[M13.gate]
$ bash -c cd '/Users/nathananderson-tennant/Development/restitch/studio' && npm ci

added 513 packages, and audited 514 packages in 6s

142 packages are looking for funding
  run `npm fund` for details

found 0 vulnerabilities
exit_code=0
PASS M13.gate npm ci
$ bash -c cd '/Users/nathananderson-tennant/Development/restitch/studio' && npm run test -- --passWithNoTests

> studio@0.0.0 test
> vitest run --passWithNoTests


[1m[30m[46m RUN [49m[39m[22m [36mv4.1.10 [39m[90m/Users/nathananderson-tennant/Development/restitch/studio[39m

 [32m✓[39m src/lib/dag.test.ts [2m([22m[2m8 tests[22m[2m)[22m[32m 4[2mms[22m[39m
 [32m✓[39m src/lib/builder.test.ts [2m([22m[2m2 tests[22m[2m)[22m[32m 7[2mms[22m[39m
 [32m✓[39m src/pages/Requests.test.tsx [2m([22m[2m1 test[22m[2m)[22m[32m 13[2mms[22m[39m
 [32m✓[39m src/pages/Dashboard.test.tsx [2m([22m[2m1 test[22m[2m)[22m[32m 15[2mms[22m[39m
 [32m✓[39m src/pages/CompositionDetail.test.tsx [2m([22m[2m1 test[22m[2m)[22m[32m 14[2mms[22m[39m

[2m Test Files [22m [1m[32m5 passed[39m[22m[90m (5)[39m
[2m      Tests [22m [1m[32m13 passed[39m[22m[90m (13)[39m
[2m   Start at [22m 16:19:42
[2m   Duration [22m 1.24s[2m (transform 282ms, setup 0ms, import 1.18s, tests 54ms, environment 3.22s)[22m
exit_code=0
PASS M13.gate npm test
$ bash -c cd '/Users/nathananderson-tennant/Development/restitch/studio' && npm run build

> studio@0.0.0 build
> tsc -b && vite build

vite v8.1.3 building client environment for production...
[2Ktransforming...✓ 2512 modules transformed.
rendering chunks...
computing gzip size...
../cmd/restitch-studio/dist/index.html                     0.75 kB │ gzip:   0.41 kB
../cmd/restitch-studio/dist/assets/index-CvTM6g9X.css     82.05 kB │ gzip:  13.98 kB
../cmd/restitch-studio/dist/assets/index-DhXlj6xy.js   1,363.27 kB │ gzip: 417.46 kB

✓ built in 397ms
[plugin builtin:vite-reporter] 
(!) Some chunks are larger than 500 kB after minification. Consider:
- Using dynamic import() to code-split the application
- Use build.rolldownOptions.output.codeSplitting to improve chunking: https://rolldown.rs/reference/OutputOptions.codeSplitting
- Adjust chunk size limit for this warning via build.chunkSizeWarningLimit.
exit_code=0
PASS M13.gate npm build
$ make -C /Users/nathananderson-tennant/Development/restitch build-all
go build -ldflags "-X main.version=v1.0-67-gbba6fae7" -o bin/restitch ./cmd/restitch
go build -ldflags "-X main.version=v1.0-67-gbba6fae7" -o bin/restitch-studio ./cmd/restitch-studio
exit_code=0
PASS M13.gate make build-all
MANUAL M13 browser: dashboard tiles populate with data
MANUAL M13 browser: composition DAG shows correct waves
MANUAL M13 browser: request waterfall shows failed/skipped steps
MANUAL M13 browser: Config page validates YAML
MANUAL M13 browser: Builder generates valid YAML round-trip

RESULT M13: PASS (5 pass, 0 fail, 5 manual, 0 skip)
