=== GATE final (commit 897f269d, 2026-09-02) ===


##[final.static]
$ go vet ./...

exit_code=0
PASS final.1 go vet
$ golangci-lint run
0 issues.
exit_code=0
PASS final.1 golangci-lint
$ grep TODO/FIXME (outside comments)
  (none)
PASS final.1 no TODO/FIXME in non-test code

##[final.tests]
$ go test -count=1 -race ./...
?   	github.com/alternayte/restitch-gateway/cmd/mockupstream	[no test files]
ok  	github.com/alternayte/restitch-gateway/cmd/restitch	1.933s
ok  	github.com/alternayte/restitch-gateway/cmd/restitch-studio	3.666s
ok  	github.com/alternayte/restitch-gateway/internal/admin	2.234s
ok  	github.com/alternayte/restitch-gateway/internal/auth	5.444s
ok  	github.com/alternayte/restitch-gateway/internal/composition	2.790s
ok  	github.com/alternayte/restitch-gateway/internal/devmode	5.033s
ok  	github.com/alternayte/restitch-gateway/internal/gwconfig	2.839s
ok  	github.com/alternayte/restitch-gateway/internal/hotreload	6.686s
ok  	github.com/alternayte/restitch-gateway/internal/inbound	1.971s
?   	github.com/alternayte/restitch-gateway/internal/mockupstream	[no test files]
ok  	github.com/alternayte/restitch-gateway/internal/observability	1.904s
ok  	github.com/alternayte/restitch-gateway/internal/ratelimit	1.465s
ok  	github.com/alternayte/restitch-gateway/internal/registry	1.618s
ok  	github.com/alternayte/restitch-gateway/internal/reqlog	1.263s
ok  	github.com/alternayte/restitch-gateway/internal/server	1.227s
ok  	github.com/alternayte/restitch-gateway/internal/session	1.635s
ok  	github.com/alternayte/restitch-gateway/internal/testenv	2.111s
ok  	github.com/alternayte/restitch-gateway/internal/upstream	1.405s
exit_code=0
PASS final.2 go test -race
$ make -C /Users/nathananderson-tennant/Development/restitch e2e
go test -tags e2e ./tests/ -count=1 -v
=== RUN   TestSpecs
2026/09/02 17:24:20 INFO registered composition route composition=user method=GET path=/api/users/{id} public=false
2026/09/02 17:24:20 INFO registered composition route composition=partial method=GET path=/partial public=false
2026/09/02 17:24:20 INFO registered composition route composition=timeout method=GET path=/timeout public=false
2026/09/02 17:24:20 INFO registered composition route composition=echo method=GET path=/echo public=false
=== RUN   TestSpecs/happy_path_-_user_lookup
2026/09/02 17:24:20 INFO executing composition composition=user method=GET path=/api/users/42
2026/09/02 17:24:20 INFO executing composition composition=user waves=1 total_steps=1 execution_order=[[user]]
2026/09/02 17:24:20 INFO composition complete composition=user status=200 partial=false errors=0 step_timings=map[user:0.782] total_steps=1 slowest_step="map[duration_ms:0.782 name:user]" gateway_overhead_ms=0.05191699999999999
=== RUN   TestSpecs/method_not_allowed_-_POST_to_GET-only_route
=== RUN   TestSpecs/not_found_-_unknown_route
=== RUN   TestSpecs/partial_response_-_optional_step_failure
2026/09/02 17:24:20 INFO executing composition composition=partial method=GET path=/partial
2026/09/02 17:24:20 INFO executing composition composition=partial waves=1 total_steps=2 execution_order="[[main failing]]"
2026/09/02 17:24:20 WARN step failed composition=partial step=failing wave=1 optional=true duration_ms=0.501 error="request failed: Get \"http://127.0.0.1:1/unreachable\": dial tcp 127.0.0.1:1: connect: connection refused"
2026/09/02 17:24:20 INFO composition complete composition=partial status=200 partial=true errors=1 step_timings="map[failing:0.501 main:0.148]" total_steps=2 slowest_step="map[duration_ms:0.501 name:failing]" gateway_overhead_ms=0.043167000000000066
=== RUN   TestSpecs/path_parameters_-_id_passed_through_to_upstream
2026/09/02 17:24:20 INFO executing composition composition=user method=GET path=/api/users/99
2026/09/02 17:24:20 INFO executing composition composition=user waves=1 total_steps=1 execution_order=[[user]]
2026/09/02 17:24:20 INFO composition complete composition=user status=200 partial=false errors=0 step_timings=map[user:0.118] total_steps=1 slowest_step="map[duration_ms:0.118 name:user]" gateway_overhead_ms=0.008208999999999994
=== RUN   TestSpecs/timeout_-_required_step_timeout_returns_504
2026/09/02 17:24:20 INFO executing composition composition=timeout method=GET path=/timeout
2026/09/02 17:24:20 INFO executing composition composition=timeout waves=1 total_steps=1 execution_order=[[slow]]
2026/09/02 17:24:20 WARN step failed composition=timeout step=slow wave=1 optional=false duration_ms=50.954 error="timeout after 50ms: Get \"http://127.0.0.1:55798/slow?ms=***\": context deadline exceeded"
2026/09/02 17:24:20 ERROR required step failed in wave wave=0 step=slow error="timeout after 50ms: Get \"http://127.0.0.1:55798/slow?ms=***\": context deadline exceeded"
2026/09/02 17:24:20 ERROR composition execution failed composition=timeout error="required step \"slow\" failed: timeout after 50ms: Get \"http://127.0.0.1:55798/slow?ms=***\": context deadline exceeded"
--- PASS: TestSpecs (5.01s)
    --- PASS: TestSpecs/happy_path_-_user_lookup (0.00s)
    --- PASS: TestSpecs/method_not_allowed_-_POST_to_GET-only_route (0.00s)
    --- PASS: TestSpecs/not_found_-_unknown_route (0.00s)
    --- PASS: TestSpecs/partial_response_-_optional_step_failure (0.00s)
    --- PASS: TestSpecs/path_parameters_-_id_passed_through_to_upstream (0.00s)
    --- PASS: TestSpecs/timeout_-_required_step_timeout_returns_504 (0.05s)
=== RUN   TestExampleConfigs
=== RUN   TestExampleConfigs/examples/auth/restitch.yaml
=== RUN   TestExampleConfigs/examples/docker-compose/restitch.yaml
=== RUN   TestExampleConfigs/examples/quickstart/restitch.yaml
=== RUN   TestExampleConfigs/examples/resilience/restitch.yaml
--- PASS: TestExampleConfigs (0.00s)
    --- PASS: TestExampleConfigs/examples/auth/restitch.yaml (0.00s)
    --- PASS: TestExampleConfigs/examples/docker-compose/restitch.yaml (0.00s)
    --- PASS: TestExampleConfigs/examples/quickstart/restitch.yaml (0.00s)
    --- PASS: TestExampleConfigs/examples/resilience/restitch.yaml (0.00s)
=== RUN   TestReadmeYAMLBlocks
=== RUN   TestReadmeYAMLBlocks/block_0
--- PASS: TestReadmeYAMLBlocks (0.00s)
    --- PASS: TestReadmeYAMLBlocks/block_0 (0.00s)
PASS
ok  	github.com/alternayte/restitch-gateway/tests	5.485s
exit_code=0
PASS final.2 make e2e
$ bash -c cd '/Users/nathananderson-tennant/Development/restitch/studio' && npm ci && npm run test && npm run build

added 507 packages, and audited 508 packages in 8s

142 packages are looking for funding
  run `npm fund` for details

12 vulnerabilities (2 moderate, 10 high)

To address all issues, run:
  npm audit fix

Run `npm audit` for details.
npm warn install-scripts 1 package has install scripts not yet covered by allowScripts:
npm warn install-scripts   fsevents@2.3.3 (install: (install scripts present))
npm warn install-scripts
npm warn install-scripts Run `npm install-scripts ls` to review, or `npm install-scripts approve <pkg>` to allow.

> studio@0.0.0 test
> vitest run


 RUN  v4.1.10 /Users/nathananderson-tennant/Development/restitch/studio


 Test Files  9 passed (9)
      Tests  28 passed (28)
   Start at  17:24:35
   Duration  2.17s (transform 745ms, setup 0ms, import 3.61s, tests 786ms, environment 7.39s)


> studio@0.0.0 build
> tsc -b && vite build

vite v8.1.3 building client environment for production...
[2Ktransforming...✓ 2516 modules transformed.
rendering chunks...
computing gzip size...
../cmd/restitch-studio/dist/index.html                                                0.99 kB │ gzip:   0.56 kB
../cmd/restitch-studio/dist/assets/geist-cyrillic-ext-wght-normal-DjL33-gN.woff2      7.42 kB
../cmd/restitch-studio/dist/assets/geist-vietnamese-wght-normal-6IgcOCM7.woff2        8.00 kB
../cmd/restitch-studio/dist/assets/geist-cyrillic-wght-normal-BEAKL7Jp.woff2         15.08 kB
../cmd/restitch-studio/dist/assets/geist-latin-ext-wght-normal-DC-KSUi6.woff2        16.51 kB
../cmd/restitch-studio/dist/assets/geist-latin-wght-normal-BgDaEnEv.woff2            29.40 kB
../cmd/restitch-studio/dist/assets/index-CobB6nKD.css                                84.55 kB │ gzip:  14.64 kB
../cmd/restitch-studio/dist/assets/index-CfZdf6c0.js                              1,369.72 kB │ gzip: 419.50 kB

✓ built in 470ms
[plugin builtin:vite-reporter] 
(!) Some chunks are larger than 500 kB after minification. Consider:
- Using dynamic import() to code-split the application
- Use build.rolldownOptions.output.codeSplitting to improve chunking: https://rolldown.rs/reference/OutputOptions.codeSplitting
- Adjust chunk size limit for this warning via build.chunkSizeWarningLimit.
exit_code=0
PASS final.2 studio tests + build

##[final.build]
$ make -C /Users/nathananderson-tennant/Development/restitch build-all
go build -ldflags "-X main.version=v1.0-39-g897f269d" -o bin/restitch ./cmd/restitch
go build -ldflags "-X main.version=v1.0-39-g897f269d" -o bin/restitch-studio ./cmd/restitch-studio
exit_code=0
PASS final.3 make build-all
$ /Users/nathananderson-tennant/Development/restitch/bin/restitch version
restitch v1.0-39-g897f269d (go1.26.2)
exit_code=0
PASS final.3 restitch version
$ /Users/nathananderson-tennant/Development/restitch/bin/restitch check -config /Users/nathananderson-tennant/Development/restitch/examples/quickstart/restitch.yaml
  user-posts: 2 steps, 2 waves [user] → [orders]
  echo: 1 steps, 1 waves [e]
Syntax OK
exit_code=0
PASS final.3 quickstart check

##[final.smoke]
# Building binaries...
go build -ldflags "-X main.version=v1.0-39-g897f269d" -o bin/restitch ./cmd/restitch
# Starting mockupstream on port 55599...
# Starting gateway on port 55597 (admin 55598)...
$ curl -s -w '%{http_code}' http://127.0.0.1:55597/api/user-posts?id=1
status=200
body={"orders":[{"id":1,"total":9.5,"userId":"1"}],"user":{"active":true,"id":"1","name":"user-1"}}
PASS final.4 data-plane request returns 200
Metric families: 43
PASS final.4 >= 8 restitch_ metric families
PASS final.4 admin requests endpoint
$ grep -E 'config reloaded|config unchanged' /var/folders/hq/1xh9g9g51wldy0s3mtsyvhhm0000gn/T/tmp.4H0zFLIoP4/gateway.log
{"time":"2026-09-02T17:24:43.236555+02:00","level":"INFO","msg":"config unchanged","hash":"1254f74ad8c8eb0b24e6fd72190da98826bf0a73bc113e48a5fd3269cd2610d4"}
{"time":"2026-09-02T17:24:43.236569+02:00","level":"INFO","msg":"config reloaded","hash":"1254f74ad8c8eb0b24e6fd72190da98826bf0a73bc113e48a5fd3269cd2610d4"}
PASS final.4 SIGHUP triggers config reload/unchanged log
# Starting studio on port 55600...
$ curl -s -w '%{http_code}' http://127.0.0.1:55600/api/info
status=200
body={"compositions":2,"config_hash":"1254f74ad8c8eb0b24e6fd72190da98826bf0a73bc113e48a5fd3269cd2610d4","config_path":"/var/folders/hq/1xh9g9g51wldy0s3mtsyvhhm0000gn/T/tmp.4H0zFLIoP4/final.yaml","upstreams":1,"uptime_seconds":1.629476334,"version":"v1.0-39-g897f269d"}
PASS final.4 studio proxy works

##[final.ci]
PASS final.5 CI green on GitHub

RESULT final: PASS (15 pass, 0 fail, 0 manual, 0 skip)
