=== GATE M7 (commit 897f269d, 2026-09-02) ===


##[T7.1]
$ test -f /Users/nathananderson-tennant/Development/restitch/internal/upstream/cache.go

exit_code=0
PASS T7.1 cache.go exists
$ go test -count=1 ./internal/upstream/ ./internal/gwconfig/
ok  	github.com/alternayte/restitch-gateway/internal/upstream	0.680s
ok  	github.com/alternayte/restitch-gateway/internal/gwconfig	0.352s
exit_code=0
PASS T7.1 upstream + gwconfig tests

##[M7.gate]
# Building binaries...
go build -ldflags "-X main.version=v1.0-39-g897f269d" -o bin/restitch ./cmd/restitch
# Starting mockupstream on port 53001...
# Starting gateway on port 52999 (admin 53000)...
$ curl -s http://127.0.0.1:53000/metrics | grep restitch_cache_hits_total
value=1
expected: >= 1
PASS M7.gate cache hit metric >= 1
$ curl -s http://127.0.0.1:53000/metrics | grep restitch_cache_misses_total
value=1
expected: >= 1
PASS M7.gate cache miss metric >= 1 (first request)

RESULT M7: PASS (4 pass, 0 fail, 0 manual, 0 skip)
