=== GATE M18 (commit 897f269d, 2026-09-02) ===


##[T18.1]
$ grep -q go.opentelemetry.io/otel /Users/nathananderson-tennant/Development/restitch/go.mod

exit_code=0
PASS T18.1 OTel dependency
$ grep -rq SetupTracing\|InitTracing /Users/nathananderson-tennant/Development/restitch/internal/observability/

exit_code=0
PASS T18.1 tracing setup exists

##[T18.2]
$ grep -rq StartSpan\|Start(ctx\|tracer\.Start /Users/nathananderson-tennant/Development/restitch/internal/composition/

exit_code=0
PASS T18.2 span creation in executor or step

##[T18.3]
$ grep -rq traceparent\|otelhttp\|Inject /Users/nathananderson-tennant/Development/restitch/internal/

exit_code=0
PASS T18.3 traceparent propagation

##[T18.4]
$ grep -rq otlptrace\|OTEL_EXPORTER /Users/nathananderson-tennant/Development/restitch/internal/observability/

exit_code=0
PASS T18.4 OTLP exporter in code

##[T18.5]
$ grep -rq TraceID\|trace_id /Users/nathananderson-tennant/Development/restitch/internal/reqlog/ /Users/nathananderson-tennant/Development/restitch/internal/admin/

exit_code=0
PASS T18.5 trace_id field exists

##[M18.gate]
# Starting OTLP sink on port 54111...
# Building binaries...
go build -ldflags "-X main.version=v1.0-39-g897f269d" -o bin/restitch ./cmd/restitch
# Starting mockupstream on port 54109...
# Starting gateway on port 54107 (admin 54108)...
OTLP sink received 1 trace export(s)
POST /v1/traces Content-Length=401
PASS M18.gate OTLP sink received trace exports
Echo body: {"result":{"body":"","headers":{"Accept":"*/*","Accept-Encoding":"gzip","Traceparent":"00-94c0cd1de41156612485986c93dddcbc-63035e7058d18509-01","User-Agent":"Go-http-client/1.1","X-Request-Id":"d36f97ed-c48e-4e7f-aa86-3586e0f8d0f4"},"method":"GET","path":"/echo","query":{}}}
PASS M18.gate traceparent propagated to upstream
PASS M18.gate trace_id present in admin request records

RESULT M18: PASS (9 pass, 0 fail, 0 manual, 0 skip)
