=== GATE M19 (commit 897f269d, 2026-09-02) ===


##[T19.1]
$ grep -q e2e /Users/nathananderson-tennant/Development/restitch/.github/workflows/ci.yml

exit_code=0
PASS T19.1 e2e job in ci.yml

##[T19.2]
$ grep continue-on-error ci.yml
  (none found)
PASS T19.2 no continue-on-error in ci.yml

##[T19.3]
Studio test files: 9
PASS T19.3 studio has test files (9)
$ bash -c cd '/Users/nathananderson-tennant/Development/restitch/studio' && npm ci --silent && npm run test

> studio@0.0.0 test
> vitest run


 RUN  v4.1.10 /Users/nathananderson-tennant/Development/restitch/studio


 Test Files  9 passed (9)
      Tests  28 passed (28)
   Start at  17:19:32
   Duration  1.82s (transform 687ms, setup 0ms, import 3.01s, tests 661ms, environment 6.16s)
exit_code=0
PASS T19.3 npm test passes

##[T19.4]
$ make -C /Users/nathananderson-tennant/Development/restitch e2e
go test -tags e2e ./tests/ -count=1 -v
=== RUN   TestSpecs
2026/09/02 17:19:36 INFO registered composition route composition=partial method=GET path=/partial public=false
2026/09/02 17:19:36 INFO registered composition route composition=timeout method=GET path=/timeout public=false
2026/09/02 17:19:36 INFO registered composition route composition=echo method=GET path=/echo public=false
2026/09/02 17:19:36 INFO registered composition route composition=user method=GET path=/api/users/{id} public=false
=== RUN   TestSpecs/happy_path_-_user_lookup
2026/09/02 17:19:36 INFO executing composition composition=user method=GET path=/api/users/42
2026/09/02 17:19:36 INFO executing composition composition=user waves=1 total_steps=1 execution_order=[[user]]
2026/09/02 17:19:36 INFO composition complete composition=user status=200 partial=false errors=0 step_timings=map[user:1.283] total_steps=1 slowest_step="map[duration_ms:1.283 name:user]" gateway_overhead_ms=0.0786659999999999
=== RUN   TestSpecs/method_not_allowed_-_POST_to_GET-only_route
=== RUN   TestSpecs/not_found_-_unknown_route
=== RUN   TestSpecs/partial_response_-_optional_step_failure
2026/09/02 17:19:36 INFO executing composition composition=partial method=GET path=/partial
2026/09/02 17:19:36 INFO executing composition composition=partial waves=1 total_steps=2 execution_order="[[main failing]]"
2026/09/02 17:19:36 WARN step failed composition=partial step=failing wave=1 optional=true duration_ms=0.852 error="request failed: Get \"http://127.0.0.1:1/unreachable\": dial tcp 127.0.0.1:1: connect: connection refused"
2026/09/02 17:19:36 INFO composition complete composition=partial status=200 partial=true errors=1 step_timings="map[failing:0.852 main:0.167]" total_steps=2 slowest_step="map[duration_ms:0.852 name:failing]" gateway_overhead_ms=0.08637600000000001
=== RUN   TestSpecs/path_parameters_-_id_passed_through_to_upstream
2026/09/02 17:19:36 INFO executing composition composition=user method=GET path=/api/users/99
2026/09/02 17:19:36 INFO executing composition composition=user waves=1 total_steps=1 execution_order=[[user]]
2026/09/02 17:19:36 INFO composition complete composition=user status=200 partial=false errors=0 step_timings=map[user:0.148] total_steps=1 slowest_step="map[duration_ms:0.148 name:user]" gateway_overhead_ms=0.013498999999999983
=== RUN   TestSpecs/timeout_-_required_step_timeout_returns_504
2026/09/02 17:19:36 INFO executing composition composition=timeout method=GET path=/timeout
2026/09/02 17:19:36 INFO executing composition composition=timeout waves=1 total_steps=1 execution_order=[[slow]]
2026/09/02 17:19:36 WARN step failed composition=timeout step=slow wave=1 optional=false duration_ms=50.817 error="timeout after 50ms: Get \"http://127.0.0.1:54152/slow?ms=***\": context deadline exceeded"
2026/09/02 17:19:36 ERROR required step failed in wave wave=0 step=slow error="timeout after 50ms: Get \"http://127.0.0.1:54152/slow?ms=***\": context deadline exceeded"
2026/09/02 17:19:36 ERROR composition execution failed composition=timeout error="required step \"slow\" failed: timeout after 50ms: Get \"http://127.0.0.1:54152/slow?ms=***\": context deadline exceeded"
--- PASS: TestSpecs (5.01s)
    --- PASS: TestSpecs/happy_path_-_user_lookup (0.00s)
    --- PASS: TestSpecs/method_not_allowed_-_POST_to_GET-only_route (0.00s)
    --- PASS: TestSpecs/not_found_-_unknown_route (0.00s)
    --- PASS: TestSpecs/partial_response_-_optional_step_failure (0.00s)
    --- PASS: TestSpecs/path_parameters_-_id_passed_through_to_upstream (0.00s)
    --- PASS: TestSpecs/timeout_-_required_step_timeout_returns_504 (0.05s)
=== RUN   TestExampleConfigs
=== RUN   TestExampleConfigs/examples/auth/restitch.yaml
=== RUN   TestExampleConfigs/examples/docker-compose/restitch.yaml
=== RUN   TestExampleConfigs/examples/quickstart/restitch.yaml
=== RUN   TestExampleConfigs/examples/resilience/restitch.yaml
--- PASS: TestExampleConfigs (0.00s)
    --- PASS: TestExampleConfigs/examples/auth/restitch.yaml (0.00s)
    --- PASS: TestExampleConfigs/examples/docker-compose/restitch.yaml (0.00s)
    --- PASS: TestExampleConfigs/examples/quickstart/restitch.yaml (0.00s)
    --- PASS: TestExampleConfigs/examples/resilience/restitch.yaml (0.00s)
=== RUN   TestReadmeYAMLBlocks
=== RUN   TestReadmeYAMLBlocks/block_0
--- PASS: TestReadmeYAMLBlocks (0.00s)
    --- PASS: TestReadmeYAMLBlocks/block_0 (0.00s)
PASS
ok  	github.com/alternayte/restitch-gateway/tests	5.368s
exit_code=0
PASS T19.4 make e2e

##[T19.5]
# Building binaries...
go build -ldflags "-X main.version=v1.0-39-g897f269d" -o bin/restitch ./cmd/restitch
$ restitch check (typo config)
2026/09/02 17:19:42 WARN template references unknown step composition=test location=response step_ref=usre
  test: 1 steps, 1 waves [user]
Syntax OK
PASS T19.5 expression typo detected in check output

##[M19.gate]
PASS M19.gate all T19.x task checks passed (see evidence above)

RESULT M19: PASS (7 pass, 0 fail, 0 manual, 0 skip)
