=== GATE M9 (commit 10919fd8, 2026-09-02) ===


##[T9.1]
$ test -d /Users/nathananderson-tennant/Development/restitch/internal/inbound

exit_code=0
PASS T9.1 inbound package exists
$ go test -count=1 -race ./internal/inbound/ ./internal/composition/
ok  	github.com/alternayte/restitch-gateway/internal/inbound	1.345s
ok  	github.com/alternayte/restitch-gateway/internal/composition	1.631s
exit_code=0
PASS T9.1 inbound + composition tests

##[M9.gate]
$ go test -count=1 -race ./...
?   	github.com/alternayte/restitch-gateway/cmd/mockupstream	[no test files]
ok  	github.com/alternayte/restitch-gateway/cmd/restitch	2.240s
ok  	github.com/alternayte/restitch-gateway/cmd/restitch-studio	3.915s
ok  	github.com/alternayte/restitch-gateway/internal/admin	2.537s
ok  	github.com/alternayte/restitch-gateway/internal/auth	4.426s
ok  	github.com/alternayte/restitch-gateway/internal/composition	2.621s
ok  	github.com/alternayte/restitch-gateway/internal/devmode	4.871s
ok  	github.com/alternayte/restitch-gateway/internal/gwconfig	2.917s
ok  	github.com/alternayte/restitch-gateway/internal/hotreload	6.790s
ok  	github.com/alternayte/restitch-gateway/internal/inbound	1.757s
?   	github.com/alternayte/restitch-gateway/internal/mockupstream	[no test files]
ok  	github.com/alternayte/restitch-gateway/internal/observability	1.705s
ok  	github.com/alternayte/restitch-gateway/internal/ratelimit	1.491s
ok  	github.com/alternayte/restitch-gateway/internal/registry	1.663s
ok  	github.com/alternayte/restitch-gateway/internal/reqlog	1.188s
ok  	github.com/alternayte/restitch-gateway/internal/server	1.295s
ok  	github.com/alternayte/restitch-gateway/internal/session	1.745s
ok  	github.com/alternayte/restitch-gateway/internal/testenv	2.345s
ok  	github.com/alternayte/restitch-gateway/internal/upstream	1.998s
exit_code=0
PASS M9.gate full tests (race)
# Building binaries...
go build -ldflags "-X main.version=v1.0-33-g10919fd8" -o bin/restitch ./cmd/restitch
# Starting mockupstream on port 58345...
# Starting gateway on port 58343 (admin 58344)...
$ curl -s -w '%{http_code}' http://127.0.0.1:58343/protected
status=401
body={"error":"unauthorized"}
PASS M9.gate no API key returns 401
$ curl -H 'X-API-Key: test-key-123' /protected → 200
PASS M9.gate valid API key returns 200
$ curl -s -w '%{http_code}' http://127.0.0.1:58343/health
status=200
body={"status":"ok"}
PASS M9.gate /health open without key

RESULT M9: PASS (6 pass, 0 fail, 0 manual, 0 skip)
