=== GATE M15 (commit 10919fd8, 2026-09-02) ===


##[T15.1]
$ test -f /Users/nathananderson-tennant/Development/restitch/README.md

exit_code=0
PASS T15.1 README.md exists
$ test -f /Users/nathananderson-tennant/Development/restitch/tests/readme_test.go

exit_code=0
PASS T15.1 readme_test.go exists

##[T15.2]
$ bash -c test $(find '/Users/nathananderson-tennant/Development/restitch/docs' -name '*.md' -not -path '*/superpowers/*' -not -path '*/plan-progress/*' | wc -l) -ge 5

exit_code=0
PASS T15.2 docs directory populated
$ test -d /Users/nathananderson-tennant/Development/restitch/examples

exit_code=0
PASS T15.2 examples directory exists
$ test -f /Users/nathananderson-tennant/Development/restitch/tests/examples_test.go

exit_code=0
PASS T15.2 examples_test.go exists

##[T15.3]
$ test -f /Users/nathananderson-tennant/Development/restitch/Dockerfile

exit_code=0
PASS T15.3 Dockerfile exists

##[T15.4]
$ test -f /Users/nathananderson-tennant/Development/restitch/CHANGELOG.md

exit_code=0
PASS T15.4 CHANGELOG.md exists

##[M15.gate]
$ make -C /Users/nathananderson-tennant/Development/restitch e2e
go test -tags e2e ./tests/ -count=1 -v
=== RUN   TestSpecs
2026/09/02 16:35:52 INFO registered composition route composition=user method=GET path=/api/users/{id} public=false
2026/09/02 16:35:52 INFO registered composition route composition=partial method=GET path=/partial public=false
2026/09/02 16:35:52 INFO registered composition route composition=timeout method=GET path=/timeout public=false
2026/09/02 16:35:52 INFO registered composition route composition=echo method=GET path=/echo public=false
=== RUN   TestSpecs/happy_path_-_user_lookup
2026/09/02 16:35:52 INFO executing composition composition=user method=GET path=/api/users/42
2026/09/02 16:35:52 INFO executing composition composition=user waves=1 total_steps=1 execution_order=[[user]]
2026/09/02 16:35:52 INFO step starting composition=user step=user wave=1 upstream=http://127.0.0.1:58922 optional=false
2026/09/02 16:35:52 INFO step complete composition=user step=user wave=1 status=200 duration_ms=0.892
2026/09/02 16:35:52 INFO composition complete composition=user status=200 partial=false errors=0 step_timings=map[user:0.892] total_steps=1 slowest_step="map[duration_ms:0.892 name:user]" gateway_overhead_ms=0.04354199999999997
=== RUN   TestSpecs/method_not_allowed_-_POST_to_GET-only_route
=== RUN   TestSpecs/not_found_-_unknown_route
=== RUN   TestSpecs/partial_response_-_optional_step_failure
2026/09/02 16:35:52 INFO executing composition composition=partial method=GET path=/partial
2026/09/02 16:35:52 INFO executing composition composition=partial waves=1 total_steps=2 execution_order="[[main failing]]"
2026/09/02 16:35:52 INFO step starting composition=partial step=failing wave=1 upstream=http://127.0.0.1:1 optional=true
2026/09/02 16:35:52 INFO step starting composition=partial step=main wave=1 upstream=http://127.0.0.1:58922 optional=false
2026/09/02 16:35:52 INFO step complete composition=partial step=main wave=1 status=200 duration_ms=0.163
2026/09/02 16:35:52 WARN step failed composition=partial step=failing wave=1 optional=true duration_ms=0.498 error="request failed: Get \"http://127.0.0.1:1/unreachable\": dial tcp 127.0.0.1:1: connect: connection refused"
2026/09/02 16:35:52 INFO composition complete composition=partial status=200 partial=true errors=1 step_timings="map[failing:0.498 main:0.163]" total_steps=2 slowest_step="map[duration_ms:0.498 name:failing]" gateway_overhead_ms=0.069083
=== RUN   TestSpecs/path_parameters_-_id_passed_through_to_upstream
2026/09/02 16:35:52 INFO executing composition composition=user method=GET path=/api/users/99
2026/09/02 16:35:52 INFO executing composition composition=user waves=1 total_steps=1 execution_order=[[user]]
2026/09/02 16:35:52 INFO step starting composition=user step=user wave=1 upstream=http://127.0.0.1:58922 optional=false
2026/09/02 16:35:52 INFO step complete composition=user step=user wave=1 status=200 duration_ms=0.146
2026/09/02 16:35:52 INFO composition complete composition=user status=200 partial=false errors=0 step_timings=map[user:0.146] total_steps=1 slowest_step="map[duration_ms:0.146 name:user]" gateway_overhead_ms=0.008791999999999994
=== RUN   TestSpecs/timeout_-_required_step_timeout_returns_504
2026/09/02 16:35:52 INFO executing composition composition=timeout method=GET path=/timeout
2026/09/02 16:35:52 INFO executing composition composition=timeout waves=1 total_steps=1 execution_order=[[slow]]
2026/09/02 16:35:52 INFO step starting composition=timeout step=slow wave=1 upstream=http://127.0.0.1:58922 optional=false
2026/09/02 16:35:52 WARN step failed composition=timeout step=slow wave=1 optional=false duration_ms=52.237 error="timeout after 50ms: Get \"http://127.0.0.1:58922/slow?ms=5000\": context deadline exceeded"
2026/09/02 16:35:52 ERROR required step failed in wave wave=0 step=slow error="timeout after 50ms: Get \"http://127.0.0.1:58922/slow?ms=5000\": context deadline exceeded"
2026/09/02 16:35:52 ERROR composition execution failed composition=timeout error="required step \"slow\" failed: timeout after 50ms: Get \"http://127.0.0.1:58922/slow?ms=5000\": context deadline exceeded"
--- PASS: TestSpecs (5.01s)
    --- PASS: TestSpecs/happy_path_-_user_lookup (0.00s)
    --- PASS: TestSpecs/method_not_allowed_-_POST_to_GET-only_route (0.00s)
    --- PASS: TestSpecs/not_found_-_unknown_route (0.00s)
    --- PASS: TestSpecs/partial_response_-_optional_step_failure (0.00s)
    --- PASS: TestSpecs/path_parameters_-_id_passed_through_to_upstream (0.00s)
    --- PASS: TestSpecs/timeout_-_required_step_timeout_returns_504 (0.05s)
=== RUN   TestExampleConfigs
=== RUN   TestExampleConfigs/examples/auth/restitch.yaml
=== RUN   TestExampleConfigs/examples/docker-compose/restitch.yaml
=== RUN   TestExampleConfigs/examples/quickstart/restitch.yaml
=== RUN   TestExampleConfigs/examples/resilience/restitch.yaml
--- PASS: TestExampleConfigs (0.00s)
    --- PASS: TestExampleConfigs/examples/auth/restitch.yaml (0.00s)
    --- PASS: TestExampleConfigs/examples/docker-compose/restitch.yaml (0.00s)
    --- PASS: TestExampleConfigs/examples/quickstart/restitch.yaml (0.00s)
    --- PASS: TestExampleConfigs/examples/resilience/restitch.yaml (0.00s)
=== RUN   TestReadmeYAMLBlocks
=== RUN   TestReadmeYAMLBlocks/block_0
--- PASS: TestReadmeYAMLBlocks (0.00s)
    --- PASS: TestReadmeYAMLBlocks/block_0 (0.00s)
PASS
ok  	github.com/alternayte/restitch-gateway/tests	5.370s
exit_code=0
PASS M15.gate make e2e (includes readme + examples tests)
# Building binaries...
go build -ldflags "-X main.version=v1.0-33-g10919fd8" -o bin/restitch ./cmd/restitch
$ /Users/nathananderson-tennant/Development/restitch/bin/restitch check -config /Users/nathananderson-tennant/Development/restitch/examples/quickstart/restitch.yaml
  echo: 1 steps, 1 waves [e]
  user-posts: 2 steps, 2 waves [user] → [orders]
Syntax OK
exit_code=0
PASS M15.gate quickstart config check
$ make -C /Users/nathananderson-tennant/Development/restitch docker
docker build -t restitch:dev .
#0 building with "desktop-linux" instance using docker driver

#1 [internal] load build definition from Dockerfile
#1 transferring dockerfile: 1.80kB 0.0s done
#1 DONE 0.0s

#2 [internal] load metadata for gcr.io/distroless/static-debian12:latest
#2 DONE 0.0s

#3 [internal] load metadata for docker.io/library/golang:1.25-alpine
#3 ...

#4 [auth] library/golang:pull token for registry-1.docker.io
#4 DONE 0.0s

#5 [auth] library/node:pull token for registry-1.docker.io
#5 DONE 0.0s

#6 [internal] load metadata for docker.io/library/node:24-alpine
#6 ...

#3 [internal] load metadata for docker.io/library/golang:1.25-alpine
#3 DONE 0.7s

#6 [internal] load metadata for docker.io/library/node:24-alpine
#6 DONE 0.7s

#7 [internal] load .dockerignore
#7 transferring context: 395B done
#7 DONE 0.0s

#8 [studio 1/6] FROM docker.io/library/node:24-alpine@sha256:e67514e5d0f6c46656005e1b693b2ec9d52e80b641307de684d4a015ba7a4eaf
#8 DONE 0.0s

#9 [builder  1/11] FROM docker.io/library/golang:1.25-alpine@sha256:1ae0735f00daffa3aaf1363a5184c0d2dc55c78e3db4ec70241cdac97bf84b59
#9 DONE 0.0s

#10 [stage-2 1/5] FROM gcr.io/distroless/static-debian12:latest
#10 DONE 0.0s

#11 [internal] load build context
#11 transferring context: 1.50MB 0.1s done
#11 DONE 0.1s

#12 [studio 6/6] RUN npm run build
#12 CACHED

#13 [builder  3/11] WORKDIR /build
#13 CACHED

#14 [builder 10/11] RUN CGO_ENABLED=0 go build -ldflags "-s -w -X main.version=dev" -o /mockupstream ./cmd/mockupstream
#14 CACHED

#15 [studio 5/6] COPY studio/ ./
#15 CACHED

#16 [builder  7/11] COPY --from=studio /build/cmd/restitch-studio/dist/ ./cmd/restitch-studio/dist/
#16 CACHED

#17 [builder  8/11] RUN CGO_ENABLED=0 go build -ldflags "-s -w -X main.version=dev" -o /restitch ./cmd/restitch
#17 CACHED

#18 [studio 3/6] COPY studio/package.json studio/package-lock.json ./
#18 CACHED

#19 [builder  2/11] RUN apk add --no-cache git
#19 CACHED

#20 [builder  9/11] RUN CGO_ENABLED=0 go build -ldflags "-s -w -X main.version=dev" -o /restitch-studio ./cmd/restitch-studio
#20 CACHED

#21 [builder  6/11] COPY . .
#21 CACHED

#22 [builder 11/11] RUN mkdir -p /data && touch /data/.keep && chmod 777 /data && chown -R 65532:65532 /data
#22 CACHED

#23 [builder  4/11] COPY go.mod go.sum ./
#23 CACHED

#24 [studio 2/6] WORKDIR /build/studio
#24 CACHED

#25 [stage-2 3/5] COPY --from=builder /restitch-studio /restitch-studio
#25 CACHED

#26 [stage-2 2/5] COPY --from=builder /restitch /restitch
#26 CACHED

#27 [stage-2 4/5] COPY --from=builder /mockupstream /mockupstream
#27 CACHED

#28 [studio 4/6] RUN npm ci
#28 CACHED

#29 [builder  5/11] RUN go mod download
#29 CACHED

#30 [stage-2 5/5] COPY --from=builder /data /data
#30 CACHED

#31 exporting to image
#31 exporting layers done
#31 writing image sha256:0344635d9527d78aa35df3cfbc61488c78eb13d942c5078e959ffe0b593fc6e7 done
#31 naming to docker.io/library/restitch:dev done
#31 DONE 0.0s

View build details: docker-desktop://dashboard/build/desktop-linux/desktop-linux/i8klb8z7xjr6urpdq0dig2h3a
exit_code=0
PASS M15.gate docker build

RESULT M15: PASS (10 pass, 0 fail, 0 manual, 0 skip)
