=== GATE M1 (commit 25cbcb22, 2026-09-02) ===


##[T1.1]
$ go vet ./...

exit_code=0
PASS T1.1 go vet clean
$ grep -rn 'ShutdownContext\|WaitForShutdown(' internal/ cmd/
  (no matches)
count=0
PASS T1.1 only WaitForShutdownSignal remains

##[T1.2]
$ go build ./...

exit_code=0
PASS T1.2 build + tests green
$ grep -rn 'NoneStrategy\|trimSpaces' internal/
  (no matches)
count=0
PASS T1.2 dead code removed

##[T1.3]
$ grep -q func Setup /Users/nathananderson-tennant/Development/restitch/internal/observability/logging.go

exit_code=0
PASS T1.3 observability.Setup exists
$ grep -q ContextHandler /Users/nathananderson-tennant/Development/restitch/internal/observability/logging.go

exit_code=0
PASS T1.3 ContextHandler exists

##[T1.4]
# Building binaries...
go build -ldflags "-X main.version=v1.0-28-g25cbcb22" -o bin/restitch ./cmd/restitch
PASS T1.4 unreadable config exits non-zero
$ bin/restitch run -config /var/folders/hq/1xh9g9g51wldy0s3mtsyvhhm0000gn/T/tmp.PZRuhGwB7u/unreadable.yaml
failed to load config file: reading config: open /var/folders/hq/1xh9g9g51wldy0s3mtsyvhhm0000gn/T/tmp.PZRuhGwB7u/unreadable.yaml: permission denied

##[T1.5]
$ grep -q ^ci: /Users/nathananderson-tennant/Development/restitch/Makefile

exit_code=0
PASS T1.5 Makefile exists with ci target
$ test -f /Users/nathananderson-tennant/Development/restitch/.golangci.yml

exit_code=0
PASS T1.5 .golangci.yml exists
$ test -f /Users/nathananderson-tennant/Development/restitch/LICENSE

exit_code=0
PASS T1.5 LICENSE exists
$ go build -o /var/folders/hq/1xh9g9g51wldy0s3mtsyvhhm0000gn/T/tmp.PZRuhGwB7u/mockupstream ./cmd/mockupstream

exit_code=0
PASS T1.5 mockupstream builds

##[T1.6]
$ python3 -c import yaml; yaml.safe_load(open('/Users/nathananderson-tennant/Development/restitch/.github/workflows/ci.yml'))

exit_code=0
PASS T1.6 ci.yml is valid YAML

##[M1.gate]
$ make -C /Users/nathananderson-tennant/Development/restitch ci
go vet ./...
golangci-lint run
0 issues.
go test -race ./...
?   	github.com/alternayte/restitch-gateway/cmd/mockupstream	[no test files]
ok  	github.com/alternayte/restitch-gateway/cmd/restitch	1.645s
ok  	github.com/alternayte/restitch-gateway/cmd/restitch-studio	4.821s
ok  	github.com/alternayte/restitch-gateway/internal/admin	3.074s
ok  	github.com/alternayte/restitch-gateway/internal/auth	4.964s
ok  	github.com/alternayte/restitch-gateway/internal/composition	4.134s
ok  	github.com/alternayte/restitch-gateway/internal/devmode	5.429s
ok  	github.com/alternayte/restitch-gateway/internal/gwconfig	3.473s
ok  	github.com/alternayte/restitch-gateway/internal/hotreload	7.999s
ok  	github.com/alternayte/restitch-gateway/internal/inbound	3.417s
?   	github.com/alternayte/restitch-gateway/internal/mockupstream	[no test files]
ok  	github.com/alternayte/restitch-gateway/internal/observability	2.300s
ok  	github.com/alternayte/restitch-gateway/internal/ratelimit	1.968s
ok  	github.com/alternayte/restitch-gateway/internal/registry	1.891s
ok  	github.com/alternayte/restitch-gateway/internal/reqlog	1.586s
ok  	github.com/alternayte/restitch-gateway/internal/server	1.762s
ok  	github.com/alternayte/restitch-gateway/internal/session	2.376s
ok  	github.com/alternayte/restitch-gateway/internal/testenv	2.943s
ok  	github.com/alternayte/restitch-gateway/internal/upstream	2.436s
exit_code=0
PASS M1.gate make ci
# Starting mockupstream on port 51510...
# Starting gateway on port 51508 (admin 51509)...
JSON log validation: 12 lines, all valid JSON
PASS M1.gate all log lines are valid JSON

RESULT M1: PASS (14 pass, 0 fail, 0 manual, 0 skip)
