=== GATE M19 (commit bba6fae7, 2026-07-13) ===


##[T19.1]
$ grep -q e2e /Users/nathananderson-tennant/Development/restitch/.github/workflows/ci.yml

exit_code=0
PASS T19.1 e2e job in ci.yml

##[T19.2]
$ grep continue-on-error ci.yml
  (none found)
PASS T19.2 no continue-on-error in ci.yml

##[T19.3]
Studio test files: 5
PASS T19.3 studio has test files (5)
$ bash -c cd '/Users/nathananderson-tennant/Development/restitch/studio' && npm ci --silent && npm run test -- --passWithNoTests

> studio@0.0.0 test
> vitest run --passWithNoTests


[1m[30m[46m RUN [49m[39m[22m [36mv4.1.10 [39m[90m/Users/nathananderson-tennant/Development/restitch/studio[39m

 [32m✓[39m src/lib/dag.test.ts [2m([22m[2m8 tests[22m[2m)[22m[32m 4[2mms[22m[39m
 [32m✓[39m src/lib/builder.test.ts [2m([22m[2m2 tests[22m[2m)[22m[32m 9[2mms[22m[39m
 [32m✓[39m src/pages/Requests.test.tsx [2m([22m[2m1 test[22m[2m)[22m[32m 15[2mms[22m[39m
 [32m✓[39m src/pages/Dashboard.test.tsx [2m([22m[2m1 test[22m[2m)[22m[32m 16[2mms[22m[39m
 [32m✓[39m src/pages/CompositionDetail.test.tsx [2m([22m[2m1 test[22m[2m)[22m[32m 17[2mms[22m[39m

[2m Test Files [22m [1m[32m5 passed[39m[22m[90m (5)[39m
[2m      Tests [22m [1m[32m13 passed[39m[22m[90m (13)[39m
[2m   Start at [22m 16:22:47
[2m   Duration [22m 1.69s[2m (transform 341ms, setup 0ms, import 1.52s, tests 61ms, environment 4.55s)[22m
exit_code=0
PASS T19.3 npm test passes

##[T19.4]
$ make -C /Users/nathananderson-tennant/Development/restitch e2e
go test -tags e2e ./tests/ -count=1 -v
=== RUN   TestSpecs
2026/07/13 16:22:52 INFO registered composition route composition=partial method=GET path=/partial public=false
2026/07/13 16:22:52 INFO registered composition route composition=timeout method=GET path=/timeout public=false
2026/07/13 16:22:52 INFO registered composition route composition=echo method=GET path=/echo public=false
2026/07/13 16:22:52 INFO registered composition route composition=user method=GET path=/api/users/{id} public=false
=== RUN   TestSpecs/happy_path_-_user_lookup
2026/07/13 16:22:52 INFO executing composition composition=user method=GET path=/api/users/42
2026/07/13 16:22:52 INFO executing composition composition=user waves=1 total_steps=1 execution_order=[[user]]
2026/07/13 16:22:52 INFO step starting composition=user step=user wave=1 upstream=http://127.0.0.1:51922 optional=false
2026/07/13 16:22:52 INFO step complete composition=user step=user wave=1 status=200 duration_ms=0.481
2026/07/13 16:22:52 INFO composition complete composition=user status=200 partial=false errors=0 step_timings=map[user:0.481] total_steps=1 slowest_step="map[duration_ms:0.481 name:user]" gateway_overhead_ms=0.10499999999999998
=== RUN   TestSpecs/method_not_allowed_-_POST_to_GET-only_route
=== RUN   TestSpecs/not_found_-_unknown_route
=== RUN   TestSpecs/partial_response_-_optional_step_failure
2026/07/13 16:22:52 INFO executing composition composition=partial method=GET path=/partial
2026/07/13 16:22:52 INFO executing composition composition=partial waves=1 total_steps=2 execution_order="[[main failing]]"
2026/07/13 16:22:52 INFO step starting composition=partial step=failing wave=1 upstream=http://127.0.0.1:1 optional=true
2026/07/13 16:22:52 INFO step starting composition=partial step=main wave=1 upstream=http://127.0.0.1:51922 optional=false
2026/07/13 16:22:52 WARN step failed composition=partial step=failing wave=1 optional=true duration_ms=0.174 error="request failed: Get \"http://127.0.0.1:1/unreachable\": dial tcp 127.0.0.1:1: connect: connection refused"
2026/07/13 16:22:52 INFO step complete composition=partial step=main wave=1 status=200 duration_ms=0.334
2026/07/13 16:22:52 INFO composition complete composition=partial status=200 partial=true errors=1 step_timings="map[failing:0.174 main:0.334]" total_steps=2 slowest_step="map[duration_ms:0.334 name:main]" gateway_overhead_ms=0.06341599999999997
=== RUN   TestSpecs/path_parameters_-_id_passed_through_to_upstream
2026/07/13 16:22:52 INFO executing composition composition=user method=GET path=/api/users/99
2026/07/13 16:22:52 INFO executing composition composition=user waves=1 total_steps=1 execution_order=[[user]]
2026/07/13 16:22:52 INFO step starting composition=user step=user wave=1 upstream=http://127.0.0.1:51922 optional=false
2026/07/13 16:22:52 INFO step complete composition=user step=user wave=1 status=200 duration_ms=0.252
2026/07/13 16:22:52 INFO composition complete composition=user status=200 partial=false errors=0 step_timings=map[user:0.252] total_steps=1 slowest_step="map[duration_ms:0.252 name:user]" gateway_overhead_ms=0.023458000000000034
=== RUN   TestSpecs/timeout_-_required_step_timeout_returns_504
2026/07/13 16:22:52 INFO executing composition composition=timeout method=GET path=/timeout
2026/07/13 16:22:52 INFO executing composition composition=timeout waves=1 total_steps=1 execution_order=[[slow]]
2026/07/13 16:22:52 INFO step starting composition=timeout step=slow wave=1 upstream=http://127.0.0.1:51922 optional=false
2026/07/13 16:22:52 WARN step failed composition=timeout step=slow wave=1 optional=false duration_ms=51.224 error="timeout after 50ms: Get \"http://127.0.0.1:51922/slow?ms=5000\": context deadline exceeded"
2026/07/13 16:22:52 ERROR required step failed in wave wave=0 step=slow error="timeout after 50ms: Get \"http://127.0.0.1:51922/slow?ms=5000\": context deadline exceeded"
2026/07/13 16:22:52 ERROR composition execution failed composition=timeout error="required step \"slow\" failed: timeout after 50ms: Get \"http://127.0.0.1:51922/slow?ms=5000\": context deadline exceeded"
--- PASS: TestSpecs (5.01s)
    --- PASS: TestSpecs/happy_path_-_user_lookup (0.00s)
    --- PASS: TestSpecs/method_not_allowed_-_POST_to_GET-only_route (0.00s)
    --- PASS: TestSpecs/not_found_-_unknown_route (0.00s)
    --- PASS: TestSpecs/partial_response_-_optional_step_failure (0.00s)
    --- PASS: TestSpecs/path_parameters_-_id_passed_through_to_upstream (0.00s)
    --- PASS: TestSpecs/timeout_-_required_step_timeout_returns_504 (0.05s)
=== RUN   TestExampleConfigs
=== RUN   TestExampleConfigs/examples/auth/restitch.yaml
=== RUN   TestExampleConfigs/examples/docker-compose/restitch.yaml
=== RUN   TestExampleConfigs/examples/quickstart/restitch.yaml
=== RUN   TestExampleConfigs/examples/resilience/restitch.yaml
--- PASS: TestExampleConfigs (0.00s)
    --- PASS: TestExampleConfigs/examples/auth/restitch.yaml (0.00s)
    --- PASS: TestExampleConfigs/examples/docker-compose/restitch.yaml (0.00s)
    --- PASS: TestExampleConfigs/examples/quickstart/restitch.yaml (0.00s)
    --- PASS: TestExampleConfigs/examples/resilience/restitch.yaml (0.00s)
=== RUN   TestReadmeYAMLBlocks
=== RUN   TestReadmeYAMLBlocks/block_0
--- PASS: TestReadmeYAMLBlocks (0.00s)
    --- PASS: TestReadmeYAMLBlocks/block_0 (0.00s)
PASS
ok  	github.com/restitch/restitch-gateway/tests	5.358s
exit_code=0
PASS T19.4 make e2e

##[T19.5]
# Building binaries...
go build -ldflags "-X main.version=v1.0-67-gbba6fae7" -o bin/restitch ./cmd/restitch
$ restitch check (typo config)
2026/07/13 16:22:58 WARN template references unknown step composition=test location=response step_ref=usre
  test: 1 steps, 1 waves [user]
Syntax OK
PASS T19.5 expression typo detected in check output

##[M19.gate]
PASS M19.gate all task checks passed (see above)

RESULT M19: PASS (7 pass, 0 fail, 0 manual, 0 skip)
