=== GATE M12 (commit e766fadb, 2026-09-02) ===


##[T12.1]
$ go test -count=1 ./cmd/restitch-studio/
ok  	github.com/restitch/restitch-gateway/cmd/restitch-studio	0.550s
exit_code=0
PASS T12.1 studio server tests
$ go build -o /var/folders/hq/1xh9g9g51wldy0s3mtsyvhhm0000gn/T/tmp.XhxcqIyQkU/restitch-studio ./cmd/restitch-studio

exit_code=0
PASS T12.1 studio binary builds

##[M12.gate]
# Building binaries...
go build -ldflags "-X main.version=v1.0-13-ge766fadb" -o bin/restitch ./cmd/restitch
# Starting mockupstream on port 50644...
# Starting gateway on port 50642 (admin 50643)...
# Starting studio on port 50645...
$ curl -s -w '%{http_code}' http://127.0.0.1:50645/api/info
status=200
body={"compositions":1,"config_hash":"1015c01ad2c259059966ed4b9080a685c9921759c21869b71f95e1f299286781","config_path":"/var/folders/hq/1xh9g9g51wldy0s3mtsyvhhm0000gn/T/tmp.XhxcqIyQkU/m12.yaml","upstreams":1,"uptime_seconds":0.518669375,"version":"v1.0-13-ge766fadb"}
PASS M12.gate studio proxies /api/info
$ curl studio /
<!doctype html>
<html lang="en">
  <head>
    <meta charset="UTF-8" />
    <link rel="icon" type="image/svg+xml" href="/favicon.svg" />
PASS M12.gate studio serves HTML at root

RESULT M12: PASS (4 pass, 0 fail, 0 manual, 0 skip)
